BEGIN (implicit)
PRAGMA main.table_info("admin")
[raw sql] ()
PRAGMA temp.table_info("admin")
[raw sql] ()
PRAGMA main.table_info("user")
[raw sql] ()
PRAGMA temp.table_info("user")
[raw sql] ()
PRAGMA main.table_info("city")
[raw sql] ()
PRAGMA temp.table_info("city")
[raw sql] ()
PRAGMA main.table_info("usercity")
[raw sql] ()
PRAGMA temp.table_info("usercity")
[raw sql] ()
PRAGMA main.table_info("weatherparameter")
[raw sql] ()
PRAGMA temp.table_info("weatherparameter")
[raw sql] ()

CREATE TABLE admin (
	id INTEGER NOT NULL, 
	name VARCHAR, 
	password VARCHAR, 
	PRIMARY KEY (id)
)


[no key 0.00003s] ()

CREATE TABLE user (
	id INTEGER NOT NULL, 
	name VARCHAR, 
	password VARCHAR, 
	PRIMARY KEY (id)
)


[no key 0.00003s] ()

CREATE TABLE city (
	id INTEGER NOT NULL, 
	name VARCHAR, 
	url VARCHAR, 
	"adminId" INTEGER, 
	PRIMARY KEY (id), 
	FOREIGN KEY("adminId") REFERENCES admin (id)
)


[no key 0.00003s] ()

CREATE TABLE usercity (
	id INTEGER NOT NULL, 
	"cityId" INTEGER, 
	"userId" INTEGER, 
	year VARCHAR, 
	month VARCHAR, 
	weather_params VARCHAR, 
	PRIMARY KEY (id), 
	FOREIGN KEY("cityId") REFERENCES city (id), 
	FOREIGN KEY("userId") REFERENCES user (id)
)


[no key 0.00003s] ()

CREATE TABLE weatherparameter (
	id INTEGER NOT NULL, 
	year_month_param VARCHAR, 
	"values" VARCHAR, 
	"cityId" INTEGER, 
	PRIMARY KEY (id), 
	FOREIGN KEY("cityId") REFERENCES city (id)
)


[no key 0.00002s] ()
COMMIT
Portal started...
[31m[1mWARNING: This is a development server. Do not use it in a production deployment. Use a production WSGI server instead.[0m
 * Running on all addresses (0.0.0.0)
 * Running on http://127.0.0.1:5009
 * Running on http://192.168.1.252:5009
[33mPress CTRL+C to quit[0m
BEGIN (implicit)
PRAGMA main.table_info("admin")
[raw sql] ()
PRAGMA main.table_info("user")
[raw sql] ()
PRAGMA main.table_info("city")
[raw sql] ()
PRAGMA main.table_info("usercity")
[raw sql] ()
PRAGMA main.table_info("weatherparameter")
[raw sql] ()
COMMIT
Inside add_admin
Received request:{'name': 'Admin1', 'password': 'password123'}
BEGIN (implicit)
SELECT admin.id AS admin_id, admin.name AS admin_name, admin.password AS admin_password 
FROM admin 
WHERE admin.name = ?
 LIMIT ? OFFSET ?
[generated in 0.00010s] ('Admin1', 1, 0)
INSERT INTO admin (name, password) VALUES (?, ?)
[generated in 0.00006s] ('Admin1', 'password123')
COMMIT
BEGIN (implicit)
SELECT admin.id AS admin_id, admin.name AS admin_name, admin.password AS admin_password 
FROM admin 
WHERE admin.id = ?
[generated in 0.00005s] (1,)
ROLLBACK
127.0.0.1 - - [07/Apr/2026 23:31:32] "POST /admin HTTP/1.1" 200 -
Inside ETL.
BEGIN (implicit)
SELECT city.id AS city_id, city.name AS city_name, city.url AS city_url, city."adminId" AS "city_adminId" 
FROM city
[generated in 0.00020s] ()
Inside add_user
Received request:{'name': 'Joel', 'password': 'mysecretpassword'}
BEGIN (implicit)
SELECT user.id AS user_id, user.name AS user_name, user.password AS user_password 
FROM user 
WHERE user.name = ?
 LIMIT ? OFFSET ?
[generated in 0.00008s] ('Joel', 1, 0)
INSERT INTO user (name, password) VALUES (?, ?)
[generated in 0.00006s] ('Joel', 'mysecretpassword')
COMMIT
BEGIN (implicit)
SELECT user.id AS user_id, user.name AS user_name, user.password AS user_password 
FROM user 
WHERE user.id = ?
[generated in 0.00011s] (1,)
127.0.0.1 - - [07/Apr/2026 23:31:36] "POST /users HTTP/1.1" 200 -
Inside ETL.
BEGIN (implicit)
SELECT city.id AS city_id, city.name AS city_name, city.url AS city_url, city."adminId" AS "city_adminId" 
FROM city
[cached since 10.01s ago] ()
127.0.0.1 - - [07/Apr/2026 23:31:46] "GET / HTTP/1.1" 200 -
127.0.0.1 - - [07/Apr/2026 23:31:46] "GET /static/images/longhorn.png HTTP/1.1" 200 -
127.0.0.1 - - [07/Apr/2026 23:31:47] "[33mGET /favicon.ico HTTP/1.1[0m" 404 -
127.0.0.1 - - [07/Apr/2026 23:31:54] "GET /adminindex HTTP/1.1" 200 -
127.0.0.1 - - [07/Apr/2026 23:31:54] "[36mGET /static/images/longhorn.png HTTP/1.1[0m" 304 -
Inside ETL.
BEGIN (implicit)
SELECT city.id AS city_id, city.name AS city_name, city.url AS city_url, city."adminId" AS "city_adminId" 
FROM city
[cached since 20.01s ago] ()
Username:Admin1
Password:password123
BEGIN (implicit)
SELECT city.id AS city_id, city.name AS city_name, city.url AS city_url, city."adminId" AS "city_adminId" 
FROM city
[generated in 0.00030s] ()
ROLLBACK
127.0.0.1 - - [07/Apr/2026 23:32:02] "POST /adminlogin HTTP/1.1" 200 -
127.0.0.1 - - [07/Apr/2026 23:32:02] "GET /static/scripts/inputhandler.js HTTP/1.1" 200 -
127.0.0.1 - - [07/Apr/2026 23:32:02] "[36mGET /static/images/longhorn.png HTTP/1.1[0m" 304 -
Inside ETL.
BEGIN (implicit)
SELECT city.id AS city_id, city.name AS city_name, city.url AS city_url, city."adminId" AS "city_adminId" 
FROM city
[cached since 30.02s ago] ()
Inside ETL.
BEGIN (implicit)
SELECT city.id AS city_id, city.name AS city_name, city.url AS city_url, city."adminId" AS "city_adminId" 
FROM city
[cached since 40.03s ago] ()
Inside addcity
Exception on /addcity [GET]
Traceback (most recent call last):
  File "/opt/anaconda3/lib/python3.13/site-packages/flask/app.py", line 1511, in wsgi_app
    response = self.full_dispatch_request()
  File "/opt/anaconda3/lib/python3.13/site-packages/flask/app.py", line 919, in full_dispatch_request
    rv = self.handle_user_exception(e)
  File "/opt/anaconda3/lib/python3.13/site-packages/flask/app.py", line 917, in full_dispatch_request
    rv = self.dispatch_request()
  File "/opt/anaconda3/lib/python3.13/site-packages/flask/app.py", line 902, in dispatch_request
    return self.ensure_sync(self.view_functions[rule.endpoint])(**view_args)  # type: ignore[no-any-return]
           ~~~~~~~~~~~~~~~~~~~~~~~~~~~~~~~~~~~~~~~~~~~~~~~~~~~~^^^^^^^^^^^^^
  File "/Users/joelpaine/Desktop/Web Programming Workspace/assignment4/application.py", line 680, in addcity
    available_cities=admin_cities,
                     ^^^^^^^^^^^^
NameError: name 'admin_cities' is not defined. Did you mean: 'get_admin_cities'?
127.0.0.1 - - [07/Apr/2026 23:32:15] "[35m[1mGET /addcity?city_name=Austin HTTP/1.1[0m" 500 -
Inside ETL.
BEGIN (implicit)
SELECT city.id AS city_id, city.name AS city_name, city.url AS city_url, city."adminId" AS "city_adminId" 
FROM city
[cached since 50.03s ago] ()
Inside ETL.
BEGIN (implicit)
SELECT city.id AS city_id, city.name AS city_name, city.url AS city_url, city."adminId" AS "city_adminId" 
FROM city
[cached since 60.04s ago] ()
Inside ETL.
BEGIN (implicit)
SELECT city.id AS city_id, city.name AS city_name, city.url AS city_url, city."adminId" AS "city_adminId" 
FROM city
[cached since 70.05s ago] ()
Inside add_city
Received request:{'name': 'Austin', 'url': 'https://www.ncei.noaa.gov/data/global-historical-climatology-network-daily/access/USW00013904.csv'}
BEGIN (implicit)
SELECT admin.id AS admin_id, admin.name AS admin_name, admin.password AS admin_password 
FROM admin 
WHERE admin.id = ?
 LIMIT ? OFFSET ?
[generated in 0.00008s] ('1', 1, 0)
SELECT city.id AS city_id, city.name AS city_name, city.url AS city_url, city."adminId" AS "city_adminId" 
FROM city 
WHERE city.name = ?
 LIMIT ? OFFSET ?
[generated in 0.00005s] ('Austin', 1, 0)
INSERT INTO city (name, url, "adminId") VALUES (?, ?, ?)
[generated in 0.00004s] ('Austin', 'https://www.ncei.noaa.gov/data/global-historical-climatology-network-daily/access/USW00013904.csv', 1)
COMMIT
BEGIN (implicit)
SELECT city.id AS city_id, city.name AS city_name, city.url AS city_url, city."adminId" AS "city_adminId" 
FROM city 
WHERE city.id = ?
[generated in 0.00004s] (1,)
127.0.0.1 - - [07/Apr/2026 23:32:47] "POST /admin/1/cities HTTP/1.1" 200 -
Inside ETL.
BEGIN (implicit)
SELECT city.id AS city_id, city.name AS city_name, city.url AS city_url, city."adminId" AS "city_adminId" 
FROM city
[cached since 80.05s ago] ()
127.0.0.1 - - [07/Apr/2026 23:33:06] "GET / HTTP/1.1" 200 -
127.0.0.1 - - [07/Apr/2026 23:33:06] "[36mGET /static/images/longhorn.png HTTP/1.1[0m" 304 -
Inside ETL.
BEGIN (implicit)
SELECT city.id AS city_id, city.name AS city_name, city.url AS city_url, city."adminId" AS "city_adminId" 
FROM city
[cached since 93.08s ago] ()
Username:Joel
Password:mysecretpassword
BEGIN (implicit)
SELECT count(*) AS count_1 
FROM (SELECT user.id AS user_id, user.name AS user_name, user.password AS user_password 
FROM user 
WHERE user.name = ?) AS anon_1
[generated in 0.00036s] ('Joel',)
SELECT count(*) AS count_1 
FROM (SELECT user.id AS user_id, user.name AS user_name, user.password AS user_password 
FROM user 
WHERE user.name = ?) AS anon_1
[cached since 0.001509s ago] ('Joel',)
SELECT user.id AS user_id, user.name AS user_name, user.password AS user_password 
FROM user 
WHERE user.name = ?
 LIMIT ? OFFSET ?
[cached since 97.33s ago] ('Joel', 1, 0)
SELECT usercity.id AS usercity_id, usercity."cityId" AS "usercity_cityId", usercity."userId" AS "usercity_userId", usercity.year AS usercity_year, usercity.month AS usercity_month, usercity.weather_params AS usercity_weather_params 
FROM usercity 
WHERE usercity."userId" = ?
[generated in 0.00043s] (1,)
SELECT city.id AS city_id, city.name AS city_name, city.url AS city_url, city."adminId" AS "city_adminId" 
FROM city
[cached since 71.91s ago] ()
127.0.0.1 - - [07/Apr/2026 23:33:14] "POST /login HTTP/1.1" 200 -
127.0.0.1 - - [07/Apr/2026 23:33:14] "[36mGET /static/images/longhorn.png HTTP/1.1[0m" 304 -
127.0.0.1 - - [07/Apr/2026 23:33:14] "[36mGET /static/scripts/inputhandler.js HTTP/1.1[0m" 304 -
Inside ETL.
BEGIN (implicit)
SELECT city.id AS city_id, city.name AS city_name, city.url AS city_url, city."adminId" AS "city_adminId" 
FROM city
[cached since 104.1s ago] ()
Inside ETL.
BEGIN (implicit)
SELECT city.id AS city_id, city.name AS city_name, city.url AS city_url, city."adminId" AS "city_adminId" 
FROM city
[cached since 115.2s ago] ()
Inside registercity
City:Austin Year:2023 Month:08
['TMAX', 'TMIN']
BEGIN (implicit)
SELECT user.id AS user_id, user.name AS user_name, user.password AS user_password 
FROM user 
WHERE user.name = ?
 LIMIT ? OFFSET ?
[cached since 121s ago] ('Joel', 1, 0)
SELECT usercity.id AS usercity_id, usercity."cityId" AS "usercity_cityId", usercity."userId" AS "usercity_userId", usercity.year AS usercity_year, usercity.month AS usercity_month, usercity.weather_params AS usercity_weather_params 
FROM usercity 
WHERE usercity."userId" = ?
[cached since 23.7s ago] (1,)
SELECT count(*) AS count_1 
FROM (SELECT city.id AS city_id, city.name AS city_name, city.url AS city_url, city."adminId" AS "city_adminId" 
FROM city 
WHERE city.name = ?) AS anon_1
[generated in 0.00026s] ('Austin',)
SELECT city.id AS city_id, city.name AS city_name, city.url AS city_url, city."adminId" AS "city_adminId" 
FROM city 
WHERE city.name = ?
[generated in 0.00015s] ('Austin',)
SELECT city.id AS city_id, city.name AS city_name, city.url AS city_url, city."adminId" AS "city_adminId" 
FROM city
[cached since 95.61s ago] ()
SELECT city.id AS city_id, city.name AS city_name, city.url AS city_url, city."adminId" AS "city_adminId" 
FROM city 
WHERE city.name = ?
 LIMIT ? OFFSET ?
[cached since 50.05s ago] ('Austin', 1, 0)
SELECT count(*) AS count_1 
FROM (SELECT usercity.id AS usercity_id, usercity."cityId" AS "usercity_cityId", usercity."userId" AS "usercity_userId", usercity.year AS usercity_year, usercity.month AS usercity_month, usercity.weather_params AS usercity_weather_params 
FROM usercity 
WHERE usercity."userId" = ? AND usercity."cityId" = ?) AS anon_1
[generated in 0.00048s] (1, 1)
INSERT INTO usercity ("cityId", "userId", year, month, weather_params) VALUES (?, ?, ?, ?, ?)
[generated in 0.00056s] (1, 1, '2023', '08', 'TMAX,TMIN')
COMMIT
BEGIN (implicit)
SELECT user.id AS user_id, user.name AS user_name, user.password AS user_password 
FROM user 
WHERE user.id = ?
[cached since 121.1s ago] (1,)
SELECT usercity.id AS usercity_id, usercity."cityId" AS "usercity_cityId", usercity."userId" AS "usercity_userId", usercity.year AS usercity_year, usercity.month AS usercity_month, usercity.weather_params AS usercity_weather_params 
FROM usercity 
WHERE usercity."userId" = ?
[cached since 23.72s ago] (1,)
SELECT count(*) AS count_1 
FROM (SELECT city.id AS city_id, city.name AS city_name, city.url AS city_url, city."adminId" AS "city_adminId" 
FROM city 
WHERE city.id = ?) AS anon_1
[generated in 0.00015s] (1,)
SELECT city.id AS city_id, city.name AS city_name, city.url AS city_url, city."adminId" AS "city_adminId" 
FROM city 
WHERE city.id = ?
 LIMIT ? OFFSET ?
[generated in 0.00011s] (1, 1, 0)
127.0.0.1 - - [07/Apr/2026 23:33:38] "GET /registercity?city_name=Austin&year=2023&month=08&max_temp=max_temp&min_temp=min_temp HTTP/1.1" 200 -
127.0.0.1 - - [07/Apr/2026 23:33:38] "[36mGET /static/images/longhorn.png HTTP/1.1[0m" 304 -
127.0.0.1 - - [07/Apr/2026 23:33:38] "[36mGET /static/scripts/inputhandler.js HTTP/1.1[0m" 304 -
Inside city_status_graph
Username:Joel City:Austin
BEGIN (implicit)
SELECT user.id AS user_id, user.name AS user_name, user.password AS user_password 
FROM user 
WHERE user.name = ?
 LIMIT ? OFFSET ?
[cached since 123s ago] ('Joel', 1, 0)
SELECT city.id AS city_id, city.name AS city_name, city.url AS city_url, city."adminId" AS "city_adminId" 
FROM city 
WHERE city.name = ?
 LIMIT ? OFFSET ?
[cached since 51.99s ago] ('Austin', 1, 0)
SELECT usercity.id AS usercity_id, usercity."cityId" AS "usercity_cityId", usercity."userId" AS "usercity_userId", usercity.year AS usercity_year, usercity.month AS usercity_month, usercity.weather_params AS usercity_weather_params 
FROM usercity 
WHERE usercity."userId" = ? AND usercity."cityId" = ?
 LIMIT ? OFFSET ?
[generated in 0.00019s] (1, 1, 1, 0)
SELECT weatherparameter.id AS weatherparameter_id, weatherparameter.year_month_param AS weatherparameter_year_month_param, weatherparameter."values" AS weatherparameter_values, weatherparameter."cityId" AS "weatherparameter_cityId" 
FROM weatherparameter 
WHERE weatherparameter."cityId" = ? AND weatherparameter.year_month_param = ?
 LIMIT ? OFFSET ?
[generated in 0.00017s] (1, '2023-08-TMAX', 1, 0)
SELECT weatherparameter.id AS weatherparameter_id, weatherparameter.year_month_param AS weatherparameter_year_month_param, weatherparameter."values" AS weatherparameter_values, weatherparameter."cityId" AS "weatherparameter_cityId" 
FROM weatherparameter 
WHERE weatherparameter."cityId" = ? AND weatherparameter.year_month_param = ?
 LIMIT ? OFFSET ?
[cached since 0.0008092s ago] (1, '2023-08-TMIN', 1, 0)
ROLLBACK
{'2023-08-TMAX': '-9999', '2023-08-TMIN': '-9999'}
127.0.0.1 - - [07/Apr/2026 23:33:39] "GET /weather_params?city=Austin HTTP/1.1" 200 -
Inside ETL.
BEGIN (implicit)
SELECT city.id AS city_id, city.name AS city_name, city.url AS city_url, city."adminId" AS "city_adminId" 
FROM city
[cached since 126.2s ago] ()
Inside ETL.
BEGIN (implicit)
SELECT city.id AS city_id, city.name AS city_name, city.url AS city_url, city."adminId" AS "city_adminId" 
FROM city
[cached since 137.2s ago] ()
Inside ETL.
BEGIN (implicit)
SELECT city.id AS city_id, city.name AS city_name, city.url AS city_url, city."adminId" AS "city_adminId" 
FROM city
[cached since 148.3s ago] ()
Inside ETL.
BEGIN (implicit)
SELECT city.id AS city_id, city.name AS city_name, city.url AS city_url, city."adminId" AS "city_adminId" 
FROM city
[cached since 159.3s ago] ()
Inside ETL.
BEGIN (implicit)
SELECT city.id AS city_id, city.name AS city_name, city.url AS city_url, city."adminId" AS "city_adminId" 
FROM city
[cached since 170.3s ago] ()
Inside ETL.
BEGIN (implicit)
SELECT city.id AS city_id, city.name AS city_name, city.url AS city_url, city."adminId" AS "city_adminId" 
FROM city
[cached since 181.7s ago] ()
Inside ETL.
BEGIN (implicit)
SELECT city.id AS city_id, city.name AS city_name, city.url AS city_url, city."adminId" AS "city_adminId" 
FROM city
[cached since 192.7s ago] ()
Inside ETL.
BEGIN (implicit)
SELECT city.id AS city_id, city.name AS city_name, city.url AS city_url, city."adminId" AS "city_adminId" 
FROM city
[cached since 203.8s ago] ()
Inside ETL.
BEGIN (implicit)
SELECT city.id AS city_id, city.name AS city_name, city.url AS city_url, city."adminId" AS "city_adminId" 
FROM city
[cached since 214.8s ago] ()
Inside ETL.
BEGIN (implicit)
SELECT city.id AS city_id, city.name AS city_name, city.url AS city_url, city."adminId" AS "city_adminId" 
FROM city
[cached since 226.4s ago] ()
Inside ETL.
127.0.0.1 - - [07/Apr/2026 23:37:01] "[33mGET /.well-known/appspecific/com.chrome.devtools.json HTTP/1.1[0m" 404 -
Inside city_status_graph
Username:Joel City:Austin
BEGIN (implicit)
SELECT user.id AS user_id, user.name AS user_name, user.password AS user_password 
FROM user 
WHERE user.name = ?
 LIMIT ? OFFSET ?
[cached since 346.6s ago] ('Joel', 1, 0)
SELECT city.id AS city_id, city.name AS city_name, city.url AS city_url, city."adminId" AS "city_adminId" 
FROM city 
WHERE city.name = ?
 LIMIT ? OFFSET ?
[cached since 275.6s ago] ('Austin', 1, 0)
SELECT usercity.id AS usercity_id, usercity."cityId" AS "usercity_cityId", usercity."userId" AS "usercity_userId", usercity.year AS usercity_year, usercity.month AS usercity_month, usercity.weather_params AS usercity_weather_params 
FROM usercity 
WHERE usercity."userId" = ? AND usercity."cityId" = ?
 LIMIT ? OFFSET ?
[cached since 223.6s ago] (1, 1, 1, 0)
SELECT weatherparameter.id AS weatherparameter_id, weatherparameter.year_month_param AS weatherparameter_year_month_param, weatherparameter."values" AS weatherparameter_values, weatherparameter."cityId" AS "weatherparameter_cityId" 
FROM weatherparameter 
WHERE weatherparameter."cityId" = ? AND weatherparameter.year_month_param = ?
 LIMIT ? OFFSET ?
[cached since 223.6s ago] (1, '2023-08-TMAX', 1, 0)
SELECT weatherparameter.id AS weatherparameter_id, weatherparameter.year_month_param AS weatherparameter_year_month_param, weatherparameter."values" AS weatherparameter_values, weatherparameter."cityId" AS "weatherparameter_cityId" 
FROM weatherparameter 
WHERE weatherparameter."cityId" = ? AND weatherparameter.year_month_param = ?
 LIMIT ? OFFSET ?
[cached since 223.6s ago] (1, '2023-08-TMIN', 1, 0)
ROLLBACK
{'2023-08-TMAX': '-9999', '2023-08-TMIN': '-9999'}
127.0.0.1 - - [07/Apr/2026 23:37:23] "GET /weather_params?city=Austin HTTP/1.1" 200 -
BEGIN (implicit)
PRAGMA main.table_info("admin")
[raw sql] ()
PRAGMA main.table_info("user")
[raw sql] ()
PRAGMA main.table_info("city")
[raw sql] ()
PRAGMA main.table_info("usercity")
[raw sql] ()
PRAGMA main.table_info("weatherparameter")
[raw sql] ()
COMMIT
Portal started...
[31m[1mWARNING: This is a development server. Do not use it in a production deployment. Use a production WSGI server instead.[0m
 * Running on all addresses (0.0.0.0)
 * Running on http://127.0.0.1:5009
 * Running on http://192.168.1.252:5009
[33mPress CTRL+C to quit[0m
BEGIN (implicit)
PRAGMA main.table_info("admin")
[raw sql] ()
PRAGMA main.table_info("user")
[raw sql] ()
PRAGMA main.table_info("city")
[raw sql] ()
PRAGMA main.table_info("usercity")
[raw sql] ()
PRAGMA main.table_info("weatherparameter")
[raw sql] ()
COMMIT
Inside registercity
City:Austin Year:2023 Month:08
['TMAX', 'TMIN']
BEGIN (implicit)
SELECT user.id AS user_id, user.name AS user_name, user.password AS user_password 
FROM user 
WHERE user.name = ?
 LIMIT ? OFFSET ?
[generated in 0.00054s] ('', 1, 0)
Exception on /registercity [GET]
Traceback (most recent call last):
  File "/opt/anaconda3/lib/python3.13/site-packages/flask/app.py", line 1511, in wsgi_app
    response = self.full_dispatch_request()
  File "/opt/anaconda3/lib/python3.13/site-packages/flask/app.py", line 919, in full_dispatch_request
    rv = self.handle_user_exception(e)
  File "/opt/anaconda3/lib/python3.13/site-packages/flask/app.py", line 917, in full_dispatch_request
    rv = self.dispatch_request()
  File "/opt/anaconda3/lib/python3.13/site-packages/flask/app.py", line 902, in dispatch_request
    return self.ensure_sync(self.view_functions[rule.endpoint])(**view_args)  # type: ignore[no-any-return]
           ~~~~~~~~~~~~~~~~~~~~~~~~~~~~~~~~~~~~~~~~~~~~~~~~~~~~^^^^^^^^^^^^^
  File "/Users/joelpaine/Desktop/Web Programming Workspace/assignment4/application.py", line 722, in registercity
    user_cities = get_user_cities(dbsession, user.id)
                                             ^^^^^^^
AttributeError: 'NoneType' object has no attribute 'id'
127.0.0.1 - - [07/Apr/2026 23:43:54] "[35m[1mGET /registercity?city_name=Austin&year=2023&month=08&max_temp=max_temp&min_temp=min_temp HTTP/1.1[0m" 500 -
127.0.0.1 - - [07/Apr/2026 23:43:54] "[33mGET /favicon.ico HTTP/1.1[0m" 404 -
Inside registercity
City:Austin Year:2023 Month:08
['TMAX', 'TMIN']
BEGIN (implicit)
SELECT user.id AS user_id, user.name AS user_name, user.password AS user_password 
FROM user 
WHERE user.name = ?
 LIMIT ? OFFSET ?
[cached since 3.286s ago] ('', 1, 0)
Exception on /registercity [GET]
Traceback (most recent call last):
  File "/opt/anaconda3/lib/python3.13/site-packages/flask/app.py", line 1511, in wsgi_app
    response = self.full_dispatch_request()
  File "/opt/anaconda3/lib/python3.13/site-packages/flask/app.py", line 919, in full_dispatch_request
    rv = self.handle_user_exception(e)
  File "/opt/anaconda3/lib/python3.13/site-packages/flask/app.py", line 917, in full_dispatch_request
    rv = self.dispatch_request()
  File "/opt/anaconda3/lib/python3.13/site-packages/flask/app.py", line 902, in dispatch_request
    return self.ensure_sync(self.view_functions[rule.endpoint])(**view_args)  # type: ignore[no-any-return]
           ~~~~~~~~~~~~~~~~~~~~~~~~~~~~~~~~~~~~~~~~~~~~~~~~~~~~^^^^^^^^^^^^^
  File "/Users/joelpaine/Desktop/Web Programming Workspace/assignment4/application.py", line 722, in registercity
    user_cities = get_user_cities(dbsession, user.id)
                                             ^^^^^^^
AttributeError: 'NoneType' object has no attribute 'id'
127.0.0.1 - - [07/Apr/2026 23:43:57] "[35m[1mGET /registercity?city_name=Austin&year=2023&month=08&max_temp=max_temp&min_temp=min_temp HTTP/1.1[0m" 500 -
Inside ETL.
BEGIN (implicit)
SELECT city.id AS city_id, city.name AS city_name, city.url AS city_url, city."adminId" AS "city_adminId" 
FROM city
[generated in 0.00015s] ()
127.0.0.1 - - [07/Apr/2026 23:44:04] "GET / HTTP/1.1" 200 -
127.0.0.1 - - [07/Apr/2026 23:44:04] "[36mGET /static/images/longhorn.png HTTP/1.1[0m" 304 -
Inside ETL.
BEGIN (implicit)
SELECT city.id AS city_id, city.name AS city_name, city.url AS city_url, city."adminId" AS "city_adminId" 
FROM city
[cached since 13.12s ago] ()
Inside ETL.
BEGIN (implicit)
SELECT city.id AS city_id, city.name AS city_name, city.url AS city_url, city."adminId" AS "city_adminId" 
FROM city
[cached since 24.22s ago] ()
Inside ETL.
BEGIN (implicit)
SELECT city.id AS city_id, city.name AS city_name, city.url AS city_url, city."adminId" AS "city_adminId" 
FROM city
[cached since 35.28s ago] ()
Username:Joel
Password:mysecretpassword
BEGIN (implicit)
SELECT count(*) AS count_1 
FROM (SELECT user.id AS user_id, user.name AS user_name, user.password AS user_password 
FROM user 
WHERE user.name = ?) AS anon_1
[generated in 0.00032s] ('Joel',)
SELECT count(*) AS count_1 
FROM (SELECT user.id AS user_id, user.name AS user_name, user.password AS user_password 
FROM user 
WHERE user.name = ?) AS anon_1
[cached since 0.001742s ago] ('Joel',)
SELECT user.id AS user_id, user.name AS user_name, user.password AS user_password 
FROM user 
WHERE user.name = ?
 LIMIT ? OFFSET ?
[cached since 50.88s ago] ('Joel', 1, 0)
SELECT usercity.id AS usercity_id, usercity."cityId" AS "usercity_cityId", usercity."userId" AS "usercity_userId", usercity.year AS usercity_year, usercity.month AS usercity_month, usercity.weather_params AS usercity_weather_params 
FROM usercity 
WHERE usercity."userId" = ?
[generated in 0.00076s] (1,)
SELECT count(*) AS count_1 
FROM (SELECT city.id AS city_id, city.name AS city_name, city.url AS city_url, city."adminId" AS "city_adminId" 
FROM city 
WHERE city.id = ?) AS anon_1
[generated in 0.00045s] (1,)
SELECT city.id AS city_id, city.name AS city_name, city.url AS city_url, city."adminId" AS "city_adminId" 
FROM city 
WHERE city.id = ?
 LIMIT ? OFFSET ?
[generated in 0.00019s] (1, 1, 0)
SELECT city.id AS city_id, city.name AS city_name, city.url AS city_url, city."adminId" AS "city_adminId" 
FROM city
[generated in 0.00015s] ()
127.0.0.1 - - [07/Apr/2026 23:44:45] "POST /login HTTP/1.1" 200 -
127.0.0.1 - - [07/Apr/2026 23:44:45] "[36mGET /static/images/longhorn.png HTTP/1.1[0m" 304 -
127.0.0.1 - - [07/Apr/2026 23:44:45] "GET /static/scripts/inputhandler.js HTTP/1.1" 200 -
Inside ETL.
BEGIN (implicit)
SELECT city.id AS city_id, city.name AS city_name, city.url AS city_url, city."adminId" AS "city_adminId" 
FROM city
[cached since 46.61s ago] ()
Inside city_status_graph
Username:Joel City:Austin
BEGIN (implicit)
SELECT user.id AS user_id, user.name AS user_name, user.password AS user_password 
FROM user 
WHERE user.name = ?
 LIMIT ? OFFSET ?
[cached since 53.14s ago] ('Joel', 1, 0)
SELECT city.id AS city_id, city.name AS city_name, city.url AS city_url, city."adminId" AS "city_adminId" 
FROM city 
WHERE city.name = ?
 LIMIT ? OFFSET ?
[generated in 0.00031s] ('Austin', 1, 0)
SELECT usercity.id AS usercity_id, usercity."cityId" AS "usercity_cityId", usercity."userId" AS "usercity_userId", usercity.year AS usercity_year, usercity.month AS usercity_month, usercity.weather_params AS usercity_weather_params 
FROM usercity 
WHERE usercity."userId" = ? AND usercity."cityId" = ?
 LIMIT ? OFFSET ?
[generated in 0.00034s] (1, 1, 1, 0)
SELECT weatherparameter.id AS weatherparameter_id, weatherparameter.year_month_param AS weatherparameter_year_month_param, weatherparameter."values" AS weatherparameter_values, weatherparameter."cityId" AS "weatherparameter_cityId" 
FROM weatherparameter 
WHERE weatherparameter."cityId" = ? AND weatherparameter.year_month_param = ?
 LIMIT ? OFFSET ?
[generated in 0.00034s] (1, '2023-08-TMAX', 1, 0)
SELECT weatherparameter.id AS weatherparameter_id, weatherparameter.year_month_param AS weatherparameter_year_month_param, weatherparameter."values" AS weatherparameter_values, weatherparameter."cityId" AS "weatherparameter_cityId" 
FROM weatherparameter 
WHERE weatherparameter."cityId" = ? AND weatherparameter.year_month_param = ?
 LIMIT ? OFFSET ?
[cached since 0.002284s ago] (1, '2023-08-TMIN', 1, 0)
ROLLBACK
{'2023-08-TMAX': '-9999', '2023-08-TMIN': '-9999'}
127.0.0.1 - - [07/Apr/2026 23:44:47] "GET /weather_params?city=Austin HTTP/1.1" 200 -
Inside city_status_graph
Username:Joel City:Austin
BEGIN (implicit)
SELECT user.id AS user_id, user.name AS user_name, user.password AS user_password 
FROM user 
WHERE user.name = ?
 LIMIT ? OFFSET ?
[cached since 58.44s ago] ('Joel', 1, 0)
SELECT city.id AS city_id, city.name AS city_name, city.url AS city_url, city."adminId" AS "city_adminId" 
FROM city 
WHERE city.name = ?
 LIMIT ? OFFSET ?
[cached since 5.297s ago] ('Austin', 1, 0)
SELECT usercity.id AS usercity_id, usercity."cityId" AS "usercity_cityId", usercity."userId" AS "usercity_userId", usercity.year AS usercity_year, usercity.month AS usercity_month, usercity.weather_params AS usercity_weather_params 
FROM usercity 
WHERE usercity."userId" = ? AND usercity."cityId" = ?
 LIMIT ? OFFSET ?
[cached since 5.295s ago] (1, 1, 1, 0)
SELECT weatherparameter.id AS weatherparameter_id, weatherparameter.year_month_param AS weatherparameter_year_month_param, weatherparameter."values" AS weatherparameter_values, weatherparameter."cityId" AS "weatherparameter_cityId" 
FROM weatherparameter 
WHERE weatherparameter."cityId" = ? AND weatherparameter.year_month_param = ?
 LIMIT ? OFFSET ?
[cached since 5.293s ago] (1, '2023-08-TMAX', 1, 0)
SELECT weatherparameter.id AS weatherparameter_id, weatherparameter.year_month_param AS weatherparameter_year_month_param, weatherparameter."values" AS weatherparameter_values, weatherparameter."cityId" AS "weatherparameter_cityId" 
FROM weatherparameter 
WHERE weatherparameter."cityId" = ? AND weatherparameter.year_month_param = ?
 LIMIT ? OFFSET ?
[cached since 5.293s ago] (1, '2023-08-TMIN', 1, 0)
ROLLBACK
{'2023-08-TMAX': '-9999', '2023-08-TMIN': '-9999'}
127.0.0.1 - - [07/Apr/2026 23:44:53] "GET /weather_params?city=Austin HTTP/1.1" 200 -
Inside ETL.
BEGIN (implicit)
SELECT city.id AS city_id, city.name AS city_name, city.url AS city_url, city."adminId" AS "city_adminId" 
FROM city
[cached since 59.19s ago] ()
Inside registercity
City:Austin Year:2023 Month:08
['TMAX', 'TMIN']
BEGIN (implicit)
SELECT user.id AS user_id, user.name AS user_name, user.password AS user_password 
FROM user 
WHERE user.name = ?
 LIMIT ? OFFSET ?
[cached since 73.09s ago] ('Joel', 1, 0)
SELECT usercity.id AS usercity_id, usercity."cityId" AS "usercity_cityId", usercity."userId" AS "usercity_userId", usercity.year AS usercity_year, usercity.month AS usercity_month, usercity.weather_params AS usercity_weather_params 
FROM usercity 
WHERE usercity."userId" = ?
[cached since 22.21s ago] (1,)
SELECT count(*) AS count_1 
FROM (SELECT city.id AS city_id, city.name AS city_name, city.url AS city_url, city."adminId" AS "city_adminId" 
FROM city 
WHERE city.id = ?) AS anon_1
[cached since 22.21s ago] (1,)
SELECT city.id AS city_id, city.name AS city_name, city.url AS city_url, city."adminId" AS "city_adminId" 
FROM city 
WHERE city.id = ?
 LIMIT ? OFFSET ?
[cached since 22.21s ago] (1, 1, 0)
SELECT count(*) AS count_1 
FROM (SELECT city.id AS city_id, city.name AS city_name, city.url AS city_url, city."adminId" AS "city_adminId" 
FROM city 
WHERE city.name = ?) AS anon_1
[generated in 0.00037s] ('Austin',)
SELECT city.id AS city_id, city.name AS city_name, city.url AS city_url, city."adminId" AS "city_adminId" 
FROM city 
WHERE city.name = ?
[generated in 0.00021s] ('Austin',)
SELECT city.id AS city_id, city.name AS city_name, city.url AS city_url, city."adminId" AS "city_adminId" 
FROM city
[cached since 22.21s ago] ()
SELECT city.id AS city_id, city.name AS city_name, city.url AS city_url, city."adminId" AS "city_adminId" 
FROM city 
WHERE city.name = ?
 LIMIT ? OFFSET ?
[cached since 19.96s ago] ('Austin', 1, 0)
SELECT count(*) AS count_1 
FROM (SELECT usercity.id AS usercity_id, usercity."cityId" AS "usercity_cityId", usercity."userId" AS "usercity_userId", usercity.year AS usercity_year, usercity.month AS usercity_month, usercity.weather_params AS usercity_weather_params 
FROM usercity 
WHERE usercity."userId" = ? AND usercity."cityId" = ?) AS anon_1
[generated in 0.00015s] (1, 1)
SELECT usercity.id AS usercity_id, usercity."cityId" AS "usercity_cityId", usercity."userId" AS "usercity_userId", usercity.year AS usercity_year, usercity.month AS usercity_month, usercity.weather_params AS usercity_weather_params 
FROM usercity 
WHERE usercity."userId" = ?
[cached since 22.23s ago] (1,)
SELECT count(*) AS count_1 
FROM (SELECT city.id AS city_id, city.name AS city_name, city.url AS city_url, city."adminId" AS "city_adminId" 
FROM city 
WHERE city.id = ?) AS anon_1
[cached since 22.22s ago] (1,)
SELECT city.id AS city_id, city.name AS city_name, city.url AS city_url, city."adminId" AS "city_adminId" 
FROM city 
WHERE city.id = ?
 LIMIT ? OFFSET ?
[cached since 22.22s ago] (1, 1, 0)
127.0.0.1 - - [07/Apr/2026 23:45:07] "GET /registercity?city_name=Austin&year=2023&month=08&max_temp=max_temp&min_temp=min_temp HTTP/1.1" 200 -
127.0.0.1 - - [07/Apr/2026 23:45:07] "[36mGET /static/scripts/inputhandler.js HTTP/1.1[0m" 304 -
127.0.0.1 - - [07/Apr/2026 23:45:07] "[36mGET /static/images/longhorn.png HTTP/1.1[0m" 304 -
Inside city_status_graph
Username:Joel City:Austin
BEGIN (implicit)
SELECT user.id AS user_id, user.name AS user_name, user.password AS user_password 
FROM user 
WHERE user.name = ?
 LIMIT ? OFFSET ?
[cached since 74.59s ago] ('Joel', 1, 0)
SELECT city.id AS city_id, city.name AS city_name, city.url AS city_url, city."adminId" AS "city_adminId" 
FROM city 
WHERE city.name = ?
 LIMIT ? OFFSET ?
[cached since 21.44s ago] ('Austin', 1, 0)
SELECT usercity.id AS usercity_id, usercity."cityId" AS "usercity_cityId", usercity."userId" AS "usercity_userId", usercity.year AS usercity_year, usercity.month AS usercity_month, usercity.weather_params AS usercity_weather_params 
FROM usercity 
WHERE usercity."userId" = ? AND usercity."cityId" = ?
 LIMIT ? OFFSET ?
[cached since 21.44s ago] (1, 1, 1, 0)
SELECT weatherparameter.id AS weatherparameter_id, weatherparameter.year_month_param AS weatherparameter_year_month_param, weatherparameter."values" AS weatherparameter_values, weatherparameter."cityId" AS "weatherparameter_cityId" 
FROM weatherparameter 
WHERE weatherparameter."cityId" = ? AND weatherparameter.year_month_param = ?
 LIMIT ? OFFSET ?
[cached since 21.44s ago] (1, '2023-08-TMAX', 1, 0)
SELECT weatherparameter.id AS weatherparameter_id, weatherparameter.year_month_param AS weatherparameter_year_month_param, weatherparameter."values" AS weatherparameter_values, weatherparameter."cityId" AS "weatherparameter_cityId" 
FROM weatherparameter 
WHERE weatherparameter."cityId" = ? AND weatherparameter.year_month_param = ?
 LIMIT ? OFFSET ?
[cached since 21.44s ago] (1, '2023-08-TMIN', 1, 0)
ROLLBACK
{'2023-08-TMAX': '-9999', '2023-08-TMIN': '-9999'}
127.0.0.1 - - [07/Apr/2026 23:45:09] "GET /weather_params?city=Austin HTTP/1.1" 200 -
Inside ETL.
BEGIN (implicit)
SELECT city.id AS city_id, city.name AS city_name, city.url AS city_url, city."adminId" AS "city_adminId" 
FROM city
[cached since 70.15s ago] ()
Inside ETL.
BEGIN (implicit)
SELECT city.id AS city_id, city.name AS city_name, city.url AS city_url, city."adminId" AS "city_adminId" 
FROM city
[cached since 81.21s ago] ()
Inside ETL.
BEGIN (implicit)
SELECT city.id AS city_id, city.name AS city_name, city.url AS city_url, city."adminId" AS "city_adminId" 
FROM city
[cached since 92.28s ago] ()
Inside ETL.
BEGIN (implicit)
SELECT city.id AS city_id, city.name AS city_name, city.url AS city_url, city."adminId" AS "city_adminId" 
FROM city
[cached since 103.5s ago] ()
Inside ETL.
BEGIN (implicit)
SELECT city.id AS city_id, city.name AS city_name, city.url AS city_url, city."adminId" AS "city_adminId" 
FROM city
[cached since 118.1s ago] ()
Inside ETL.
BEGIN (implicit)
SELECT city.id AS city_id, city.name AS city_name, city.url AS city_url, city."adminId" AS "city_adminId" 
FROM city
[cached since 129.1s ago] ()
Inside ETL.
BEGIN (implicit)
SELECT city.id AS city_id, city.name AS city_name, city.url AS city_url, city."adminId" AS "city_adminId" 
FROM city
[cached since 140.2s ago] ()
Inside ETL.
BEGIN (implicit)
SELECT city.id AS city_id, city.name AS city_name, city.url AS city_url, city."adminId" AS "city_adminId" 
FROM city
[cached since 151.3s ago] ()
Inside ETL.
BEGIN (implicit)
SELECT city.id AS city_id, city.name AS city_name, city.url AS city_url, city."adminId" AS "city_adminId" 
FROM city
[cached since 162.3s ago] ()
Inside ETL.
BEGIN (implicit)
SELECT city.id AS city_id, city.name AS city_name, city.url AS city_url, city."adminId" AS "city_adminId" 
FROM city
[cached since 173.6s ago] ()
Inside ETL.
BEGIN (implicit)
PRAGMA main.table_info("admin")
[raw sql] ()
PRAGMA main.table_info("user")
[raw sql] ()
PRAGMA main.table_info("city")
[raw sql] ()
PRAGMA main.table_info("usercity")
[raw sql] ()
PRAGMA main.table_info("weatherparameter")
[raw sql] ()
COMMIT
Portal started...
[31m[1mWARNING: This is a development server. Do not use it in a production deployment. Use a production WSGI server instead.[0m
 * Running on all addresses (0.0.0.0)
 * Running on http://127.0.0.1:5009
 * Running on http://192.168.1.252:5009
[33mPress CTRL+C to quit[0m
BEGIN (implicit)
PRAGMA main.table_info("admin")
[raw sql] ()
PRAGMA main.table_info("user")
[raw sql] ()
PRAGMA main.table_info("city")
[raw sql] ()
PRAGMA main.table_info("usercity")
[raw sql] ()
PRAGMA main.table_info("weatherparameter")
[raw sql] ()
COMMIT
127.0.0.1 - - [07/Apr/2026 23:49:04] "GET / HTTP/1.1" 200 -
127.0.0.1 - - [07/Apr/2026 23:49:04] "[36mGET /static/images/longhorn.png HTTP/1.1[0m" 304 -
Inside ETL.
BEGIN (implicit)
SELECT city.id AS city_id, city.name AS city_name, city.url AS city_url, city."adminId" AS "city_adminId" 
FROM city
[generated in 0.00033s] ()
Username:Joel
Password:mysecretpassword
BEGIN (implicit)
SELECT count(*) AS count_1 
FROM (SELECT user.id AS user_id, user.name AS user_name, user.password AS user_password 
FROM user 
WHERE user.name = ?) AS anon_1
[generated in 0.00032s] ('Joel',)
SELECT count(*) AS count_1 
FROM (SELECT user.id AS user_id, user.name AS user_name, user.password AS user_password 
FROM user 
WHERE user.name = ?) AS anon_1
[cached since 0.00293s ago] ('Joel',)
SELECT user.id AS user_id, user.name AS user_name, user.password AS user_password 
FROM user 
WHERE user.name = ?
 LIMIT ? OFFSET ?
[generated in 0.00048s] ('Joel', 1, 0)
SELECT usercity.id AS usercity_id, usercity."cityId" AS "usercity_cityId", usercity."userId" AS "usercity_userId", usercity.year AS usercity_year, usercity.month AS usercity_month, usercity.weather_params AS usercity_weather_params 
FROM usercity 
WHERE usercity."userId" = ?
[generated in 0.00033s] (1,)
SELECT count(*) AS count_1 
FROM (SELECT city.id AS city_id, city.name AS city_name, city.url AS city_url, city."adminId" AS "city_adminId" 
FROM city 
WHERE city.id = ?) AS anon_1
[generated in 0.00006s] (1,)
SELECT city.id AS city_id, city.name AS city_name, city.url AS city_url, city."adminId" AS "city_adminId" 
FROM city 
WHERE city.id = ?
 LIMIT ? OFFSET ?
[generated in 0.00004s] (1, 1, 0)
SELECT city.id AS city_id, city.name AS city_name, city.url AS city_url, city."adminId" AS "city_adminId" 
FROM city
[generated in 0.00008s] ()
127.0.0.1 - - [07/Apr/2026 23:49:11] "POST /login HTTP/1.1" 200 -
127.0.0.1 - - [07/Apr/2026 23:49:11] "[36mGET /static/images/longhorn.png HTTP/1.1[0m" 304 -
127.0.0.1 - - [07/Apr/2026 23:49:11] "GET /static/scripts/inputhandler.js HTTP/1.1" 200 -
Inside city_status_graph
Username:Joel City:Austin
BEGIN (implicit)
SELECT user.id AS user_id, user.name AS user_name, user.password AS user_password 
FROM user 
WHERE user.name = ?
 LIMIT ? OFFSET ?
[cached since 1.51s ago] ('Joel', 1, 0)
SELECT city.id AS city_id, city.name AS city_name, city.url AS city_url, city."adminId" AS "city_adminId" 
FROM city 
WHERE city.name = ?
 LIMIT ? OFFSET ?
[generated in 0.00032s] ('Austin', 1, 0)
SELECT usercity.id AS usercity_id, usercity."cityId" AS "usercity_cityId", usercity."userId" AS "usercity_userId", usercity.year AS usercity_year, usercity.month AS usercity_month, usercity.weather_params AS usercity_weather_params 
FROM usercity 
WHERE usercity."userId" = ? AND usercity."cityId" = ?
 LIMIT ? OFFSET ?
[generated in 0.00058s] (1, 1, 1, 0)
SELECT weatherparameter.id AS weatherparameter_id, weatherparameter.year_month_param AS weatherparameter_year_month_param, weatherparameter."values" AS weatherparameter_values, weatherparameter."cityId" AS "weatherparameter_cityId" 
FROM weatherparameter 
WHERE weatherparameter."cityId" = ? AND weatherparameter.year_month_param = ?
 LIMIT ? OFFSET ?
[generated in 0.00033s] (1, '2023-08-TMAX', 1, 0)
SELECT weatherparameter.id AS weatherparameter_id, weatherparameter.year_month_param AS weatherparameter_year_month_param, weatherparameter."values" AS weatherparameter_values, weatherparameter."cityId" AS "weatherparameter_cityId" 
FROM weatherparameter 
WHERE weatherparameter."cityId" = ? AND weatherparameter.year_month_param = ?
 LIMIT ? OFFSET ?
[cached since 0.002107s ago] (1, '2023-08-TMIN', 1, 0)
ROLLBACK
{'2023-08-TMAX': '-9999', '2023-08-TMIN': '-9999'}
127.0.0.1 - - [07/Apr/2026 23:49:12] "GET /weather_params?city=Austin HTTP/1.1" 200 -
Inside ETL.
BEGIN (implicit)
SELECT city.id AS city_id, city.name AS city_name, city.url AS city_url, city."adminId" AS "city_adminId" 
FROM city
[cached since 14.28s ago] ()
Inside ETL.
BEGIN (implicit)
SELECT city.id AS city_id, city.name AS city_name, city.url AS city_url, city."adminId" AS "city_adminId" 
FROM city
[cached since 25.4s ago] ()
Inside ETL.
BEGIN (implicit)
SELECT city.id AS city_id, city.name AS city_name, city.url AS city_url, city."adminId" AS "city_adminId" 
FROM city
[cached since 38.4s ago] ()
Inside ETL.
BEGIN (implicit)
SELECT city.id AS city_id, city.name AS city_name, city.url AS city_url, city."adminId" AS "city_adminId" 
FROM city
[cached since 49.73s ago] ()
Inside ETL.
BEGIN (implicit)
SELECT city.id AS city_id, city.name AS city_name, city.url AS city_url, city."adminId" AS "city_adminId" 
FROM city
[cached since 60.81s ago] ()
Inside ETL.
BEGIN (implicit)
SELECT city.id AS city_id, city.name AS city_name, city.url AS city_url, city."adminId" AS "city_adminId" 
FROM city
[cached since 73.06s ago] ()
Inside ETL.
BEGIN (implicit)
SELECT city.id AS city_id, city.name AS city_name, city.url AS city_url, city."adminId" AS "city_adminId" 
FROM city
[cached since 84.14s ago] ()
Inside ETL.
BEGIN (implicit)
SELECT city.id AS city_id, city.name AS city_name, city.url AS city_url, city."adminId" AS "city_adminId" 
FROM city
[cached since 95.22s ago] ()
Inside ETL.
BEGIN (implicit)
SELECT city.id AS city_id, city.name AS city_name, city.url AS city_url, city."adminId" AS "city_adminId" 
FROM city
[cached since 107.3s ago] ()
Inside ETL.
BEGIN (implicit)
SELECT city.id AS city_id, city.name AS city_name, city.url AS city_url, city."adminId" AS "city_adminId" 
FROM city
[cached since 118.6s ago] ()
127.0.0.1 - - [07/Apr/2026 23:51:15] "GET / HTTP/1.1" 200 -
127.0.0.1 - - [07/Apr/2026 23:51:16] "[36mGET /static/images/longhorn.png HTTP/1.1[0m" 304 -
127.0.0.1 - - [07/Apr/2026 23:51:17] "GET / HTTP/1.1" 200 -
127.0.0.1 - - [07/Apr/2026 23:51:17] "[36mGET /static/images/longhorn.png HTTP/1.1[0m" 304 -
Inside ETL.
BEGIN (implicit)
SELECT city.id AS city_id, city.name AS city_name, city.url AS city_url, city."adminId" AS "city_adminId" 
FROM city
[cached since 131.2s ago] ()
127.0.0.1 - - [07/Apr/2026 23:51:20] "GET / HTTP/1.1" 200 -
127.0.0.1 - - [07/Apr/2026 23:51:20] "GET /static/images/longhorn.png HTTP/1.1" 200 -
127.0.0.1 - - [07/Apr/2026 23:51:20] "[33mGET /favicon.ico HTTP/1.1[0m" 404 -
127.0.0.1 - - [07/Apr/2026 23:51:25] "GET / HTTP/1.1" 200 -
127.0.0.1 - - [07/Apr/2026 23:51:25] "GET /static/images/longhorn.png HTTP/1.1" 200 -
127.0.0.1 - - [07/Apr/2026 23:51:25] "[33mGET /favicon.ico HTTP/1.1[0m" 404 -
127.0.0.1 - - [07/Apr/2026 23:51:26] "GET / HTTP/1.1" 200 -
127.0.0.1 - - [07/Apr/2026 23:51:26] "GET /static/images/longhorn.png HTTP/1.1" 200 -
127.0.0.1 - - [07/Apr/2026 23:51:26] "[33mGET /favicon.ico HTTP/1.1[0m" 404 -
Inside ETL.
BEGIN (implicit)
SELECT city.id AS city_id, city.name AS city_name, city.url AS city_url, city."adminId" AS "city_adminId" 
FROM city
[cached since 142.3s ago] ()
Username:Joel
Password:mysecretpassword
BEGIN (implicit)
SELECT count(*) AS count_1 
FROM (SELECT user.id AS user_id, user.name AS user_name, user.password AS user_password 
FROM user 
WHERE user.name = ?) AS anon_1
[cached since 147.6s ago] ('Joel',)
SELECT count(*) AS count_1 
FROM (SELECT user.id AS user_id, user.name AS user_name, user.password AS user_password 
FROM user 
WHERE user.name = ?) AS anon_1
[cached since 147.6s ago] ('Joel',)
SELECT user.id AS user_id, user.name AS user_name, user.password AS user_password 
FROM user 
WHERE user.name = ?
 LIMIT ? OFFSET ?
[cached since 147.6s ago] ('Joel', 1, 0)
SELECT usercity.id AS usercity_id, usercity."cityId" AS "usercity_cityId", usercity."userId" AS "usercity_userId", usercity.year AS usercity_year, usercity.month AS usercity_month, usercity.weather_params AS usercity_weather_params 
FROM usercity 
WHERE usercity."userId" = ?
[cached since 147.6s ago] (1,)
SELECT count(*) AS count_1 
FROM (SELECT city.id AS city_id, city.name AS city_name, city.url AS city_url, city."adminId" AS "city_adminId" 
FROM city 
WHERE city.id = ?) AS anon_1
[cached since 147.6s ago] (1,)
SELECT city.id AS city_id, city.name AS city_name, city.url AS city_url, city."adminId" AS "city_adminId" 
FROM city 
WHERE city.id = ?
 LIMIT ? OFFSET ?
[cached since 147.6s ago] (1, 1, 0)
SELECT city.id AS city_id, city.name AS city_name, city.url AS city_url, city."adminId" AS "city_adminId" 
FROM city
[cached since 147.6s ago] ()
127.0.0.1 - - [07/Apr/2026 23:51:38] "POST /login HTTP/1.1" 200 -
127.0.0.1 - - [07/Apr/2026 23:51:38] "[36mGET /static/images/longhorn.png HTTP/1.1[0m" 304 -
127.0.0.1 - - [07/Apr/2026 23:51:38] "GET /static/scripts/inputhandler.js HTTP/1.1" 200 -
Inside city_status_graph
Username:Joel City:Austin
BEGIN (implicit)
SELECT user.id AS user_id, user.name AS user_name, user.password AS user_password 
FROM user 
WHERE user.name = ?
 LIMIT ? OFFSET ?
[cached since 149.4s ago] ('Joel', 1, 0)
SELECT city.id AS city_id, city.name AS city_name, city.url AS city_url, city."adminId" AS "city_adminId" 
FROM city 
WHERE city.name = ?
 LIMIT ? OFFSET ?
[cached since 147.8s ago] ('Austin', 1, 0)
SELECT usercity.id AS usercity_id, usercity."cityId" AS "usercity_cityId", usercity."userId" AS "usercity_userId", usercity.year AS usercity_year, usercity.month AS usercity_month, usercity.weather_params AS usercity_weather_params 
FROM usercity 
WHERE usercity."userId" = ? AND usercity."cityId" = ?
 LIMIT ? OFFSET ?
[cached since 147.8s ago] (1, 1, 1, 0)
SELECT weatherparameter.id AS weatherparameter_id, weatherparameter.year_month_param AS weatherparameter_year_month_param, weatherparameter."values" AS weatherparameter_values, weatherparameter."cityId" AS "weatherparameter_cityId" 
FROM weatherparameter 
WHERE weatherparameter."cityId" = ? AND weatherparameter.year_month_param = ?
 LIMIT ? OFFSET ?
[cached since 147.8s ago] (1, '2023-08-TMAX', 1, 0)
SELECT weatherparameter.id AS weatherparameter_id, weatherparameter.year_month_param AS weatherparameter_year_month_param, weatherparameter."values" AS weatherparameter_values, weatherparameter."cityId" AS "weatherparameter_cityId" 
FROM weatherparameter 
WHERE weatherparameter."cityId" = ? AND weatherparameter.year_month_param = ?
 LIMIT ? OFFSET ?
[cached since 147.8s ago] (1, '2023-08-TMIN', 1, 0)
ROLLBACK
{'2023-08-TMAX': '-9999', '2023-08-TMIN': '-9999'}
127.0.0.1 - - [07/Apr/2026 23:51:40] "GET /weather_params?city=Austin HTTP/1.1" 200 -
Inside ETL.
BEGIN (implicit)
SELECT city.id AS city_id, city.name AS city_name, city.url AS city_url, city."adminId" AS "city_adminId" 
FROM city
[cached since 153.3s ago] ()
Inside ETL.
BEGIN (implicit)
SELECT city.id AS city_id, city.name AS city_name, city.url AS city_url, city."adminId" AS "city_adminId" 
FROM city
[cached since 166.3s ago] ()
127.0.0.1 - - [07/Apr/2026 23:52:01] "[33mGET /.well-known/appspecific/com.chrome.devtools.json HTTP/1.1[0m" 404 -
Inside ETL.
BEGIN (implicit)
SELECT city.id AS city_id, city.name AS city_name, city.url AS city_url, city."adminId" AS "city_adminId" 
FROM city
[cached since 177.4s ago] ()
Inside ETL.
Inside registercity
City:Austin Year:1938 Month:06
['TMAX', 'TMIN']
BEGIN (implicit)
SELECT user.id AS user_id, user.name AS user_name, user.password AS user_password 
FROM user 
WHERE user.name = ?
 LIMIT ? OFFSET ?
[cached since 316.4s ago] ('Joel', 1, 0)
SELECT usercity.id AS usercity_id, usercity."cityId" AS "usercity_cityId", usercity."userId" AS "usercity_userId", usercity.year AS usercity_year, usercity.month AS usercity_month, usercity.weather_params AS usercity_weather_params 
FROM usercity 
WHERE usercity."userId" = ?
[cached since 316.4s ago] (1,)
SELECT count(*) AS count_1 
FROM (SELECT city.id AS city_id, city.name AS city_name, city.url AS city_url, city."adminId" AS "city_adminId" 
FROM city 
WHERE city.id = ?) AS anon_1
[cached since 316.4s ago] (1,)
SELECT city.id AS city_id, city.name AS city_name, city.url AS city_url, city."adminId" AS "city_adminId" 
FROM city 
WHERE city.id = ?
 LIMIT ? OFFSET ?
[cached since 316.4s ago] (1, 1, 0)
SELECT count(*) AS count_1 
FROM (SELECT city.id AS city_id, city.name AS city_name, city.url AS city_url, city."adminId" AS "city_adminId" 
FROM city 
WHERE city.name = ?) AS anon_1
[generated in 0.00035s] ('Austin',)
SELECT city.id AS city_id, city.name AS city_name, city.url AS city_url, city."adminId" AS "city_adminId" 
FROM city 
WHERE city.name = ?
[generated in 0.00034s] ('Austin',)
SELECT city.id AS city_id, city.name AS city_name, city.url AS city_url, city."adminId" AS "city_adminId" 
FROM city
[cached since 316.4s ago] ()
SELECT city.id AS city_id, city.name AS city_name, city.url AS city_url, city."adminId" AS "city_adminId" 
FROM city 
WHERE city.name = ?
 LIMIT ? OFFSET ?
[cached since 314.9s ago] ('Austin', 1, 0)
SELECT count(*) AS count_1 
FROM (SELECT usercity.id AS usercity_id, usercity."cityId" AS "usercity_cityId", usercity."userId" AS "usercity_userId", usercity.year AS usercity_year, usercity.month AS usercity_month, usercity.weather_params AS usercity_weather_params 
FROM usercity 
WHERE usercity."userId" = ? AND usercity."cityId" = ?) AS anon_1
[generated in 0.00051s] (1, 1)
SELECT usercity.id AS usercity_id, usercity."cityId" AS "usercity_cityId", usercity."userId" AS "usercity_userId", usercity.year AS usercity_year, usercity.month AS usercity_month, usercity.weather_params AS usercity_weather_params 
FROM usercity 
WHERE usercity."userId" = ?
[cached since 316.4s ago] (1,)
SELECT count(*) AS count_1 
FROM (SELECT city.id AS city_id, city.name AS city_name, city.url AS city_url, city."adminId" AS "city_adminId" 
FROM city 
WHERE city.id = ?) AS anon_1
[cached since 316.4s ago] (1,)
SELECT city.id AS city_id, city.name AS city_name, city.url AS city_url, city."adminId" AS "city_adminId" 
FROM city 
WHERE city.id = ?
 LIMIT ? OFFSET ?
[cached since 316.4s ago] (1, 1, 0)
127.0.0.1 - - [07/Apr/2026 23:54:27] "GET /registercity?city_name=Austin&year=1938&month=06&max_temp=max_temp&min_temp=min_temp HTTP/1.1" 200 -
127.0.0.1 - - [07/Apr/2026 23:54:27] "[36mGET /static/images/longhorn.png HTTP/1.1[0m" 304 -
127.0.0.1 - - [07/Apr/2026 23:54:27] "[36mGET /static/scripts/inputhandler.js HTTP/1.1[0m" 304 -
Inside city_status_graph
Username: City:Austin
BEGIN (implicit)
SELECT user.id AS user_id, user.name AS user_name, user.password AS user_password 
FROM user 
WHERE user.name = ?
 LIMIT ? OFFSET ?
[cached since 323.3s ago] ('', 1, 0)
SELECT city.id AS city_id, city.name AS city_name, city.url AS city_url, city."adminId" AS "city_adminId" 
FROM city 
WHERE city.name = ?
 LIMIT ? OFFSET ?
[cached since 321.8s ago] ('Austin', 1, 0)
127.0.0.1 - - [07/Apr/2026 23:54:34] "GET /weather_params?city=Austin HTTP/1.1" 200 -
Inside city_status_graph
Username:Joel City:Austin
BEGIN (implicit)
SELECT user.id AS user_id, user.name AS user_name, user.password AS user_password 
FROM user 
WHERE user.name = ?
 LIMIT ? OFFSET ?
[cached since 338s ago] ('Joel', 1, 0)
SELECT city.id AS city_id, city.name AS city_name, city.url AS city_url, city."adminId" AS "city_adminId" 
FROM city 
WHERE city.name = ?
 LIMIT ? OFFSET ?
[cached since 336.5s ago] ('Austin', 1, 0)
SELECT usercity.id AS usercity_id, usercity."cityId" AS "usercity_cityId", usercity."userId" AS "usercity_userId", usercity.year AS usercity_year, usercity.month AS usercity_month, usercity.weather_params AS usercity_weather_params 
FROM usercity 
WHERE usercity."userId" = ? AND usercity."cityId" = ?
 LIMIT ? OFFSET ?
[cached since 336.5s ago] (1, 1, 1, 0)
SELECT weatherparameter.id AS weatherparameter_id, weatherparameter.year_month_param AS weatherparameter_year_month_param, weatherparameter."values" AS weatherparameter_values, weatherparameter."cityId" AS "weatherparameter_cityId" 
FROM weatherparameter 
WHERE weatherparameter."cityId" = ? AND weatherparameter.year_month_param = ?
 LIMIT ? OFFSET ?
[cached since 336.5s ago] (1, '2023-08-TMAX', 1, 0)
SELECT weatherparameter.id AS weatherparameter_id, weatherparameter.year_month_param AS weatherparameter_year_month_param, weatherparameter."values" AS weatherparameter_values, weatherparameter."cityId" AS "weatherparameter_cityId" 
FROM weatherparameter 
WHERE weatherparameter."cityId" = ? AND weatherparameter.year_month_param = ?
 LIMIT ? OFFSET ?
[cached since 336.5s ago] (1, '2023-08-TMIN', 1, 0)
ROLLBACK
{'2023-08-TMAX': '-9999', '2023-08-TMIN': '-9999'}
127.0.0.1 - - [07/Apr/2026 23:54:49] "GET /weather_params?city=Austin HTTP/1.1" 200 -
Inside registercity
City:Austin Year:1938 Month:06
['TMAX', 'TMIN']
BEGIN (implicit)
SELECT user.id AS user_id, user.name AS user_name, user.password AS user_password 
FROM user 
WHERE user.name = ?
 LIMIT ? OFFSET ?
[cached since 378.8s ago] ('Joel', 1, 0)
SELECT usercity.id AS usercity_id, usercity."cityId" AS "usercity_cityId", usercity."userId" AS "usercity_userId", usercity.year AS usercity_year, usercity.month AS usercity_month, usercity.weather_params AS usercity_weather_params 
FROM usercity 
WHERE usercity."userId" = ?
[cached since 378.8s ago] (1,)
SELECT count(*) AS count_1 
FROM (SELECT city.id AS city_id, city.name AS city_name, city.url AS city_url, city."adminId" AS "city_adminId" 
FROM city 
WHERE city.id = ?) AS anon_1
[cached since 378.8s ago] (1,)
SELECT city.id AS city_id, city.name AS city_name, city.url AS city_url, city."adminId" AS "city_adminId" 
FROM city 
WHERE city.id = ?
 LIMIT ? OFFSET ?
[cached since 378.8s ago] (1, 1, 0)
SELECT count(*) AS count_1 
FROM (SELECT city.id AS city_id, city.name AS city_name, city.url AS city_url, city."adminId" AS "city_adminId" 
FROM city 
WHERE city.name = ?) AS anon_1
[cached since 62.43s ago] ('Austin',)
SELECT city.id AS city_id, city.name AS city_name, city.url AS city_url, city."adminId" AS "city_adminId" 
FROM city 
WHERE city.name = ?
[cached since 62.43s ago] ('Austin',)
SELECT city.id AS city_id, city.name AS city_name, city.url AS city_url, city."adminId" AS "city_adminId" 
FROM city
[cached since 378.8s ago] ()
SELECT city.id AS city_id, city.name AS city_name, city.url AS city_url, city."adminId" AS "city_adminId" 
FROM city 
WHERE city.name = ?
 LIMIT ? OFFSET ?
[cached since 377.3s ago] ('Austin', 1, 0)
SELECT count(*) AS count_1 
FROM (SELECT usercity.id AS usercity_id, usercity."cityId" AS "usercity_cityId", usercity."userId" AS "usercity_userId", usercity.year AS usercity_year, usercity.month AS usercity_month, usercity.weather_params AS usercity_weather_params 
FROM usercity 
WHERE usercity."userId" = ? AND usercity."cityId" = ?) AS anon_1
[cached since 62.43s ago] (1, 1)
SELECT usercity.id AS usercity_id, usercity."cityId" AS "usercity_cityId", usercity."userId" AS "usercity_userId", usercity.year AS usercity_year, usercity.month AS usercity_month, usercity.weather_params AS usercity_weather_params 
FROM usercity 
WHERE usercity."userId" = ?
[cached since 378.8s ago] (1,)
SELECT count(*) AS count_1 
FROM (SELECT city.id AS city_id, city.name AS city_name, city.url AS city_url, city."adminId" AS "city_adminId" 
FROM city 
WHERE city.id = ?) AS anon_1
[cached since 378.8s ago] (1,)
SELECT city.id AS city_id, city.name AS city_name, city.url AS city_url, city."adminId" AS "city_adminId" 
FROM city 
WHERE city.id = ?
 LIMIT ? OFFSET ?
[cached since 378.8s ago] (1, 1, 0)
127.0.0.1 - - [07/Apr/2026 23:55:30] "GET /registercity?city_name=Austin&year=1938&month=06&max_temp=max_temp&min_temp=min_temp HTTP/1.1" 200 -
127.0.0.1 - - [07/Apr/2026 23:55:30] "GET /static/images/longhorn.png HTTP/1.1" 200 -
127.0.0.1 - - [07/Apr/2026 23:55:30] "GET /static/scripts/inputhandler.js HTTP/1.1" 200 -
127.0.0.1 - - [07/Apr/2026 23:55:30] "[33mGET /favicon.ico HTTP/1.1[0m" 404 -
Inside registercity
City:Austin Year:1938 Month:06
['TMAX', 'TMIN']
BEGIN (implicit)
SELECT user.id AS user_id, user.name AS user_name, user.password AS user_password 
FROM user 
WHERE user.name = ?
 LIMIT ? OFFSET ?
[cached since 381.9s ago] ('Joel', 1, 0)
SELECT usercity.id AS usercity_id, usercity."cityId" AS "usercity_cityId", usercity."userId" AS "usercity_userId", usercity.year AS usercity_year, usercity.month AS usercity_month, usercity.weather_params AS usercity_weather_params 
FROM usercity 
WHERE usercity."userId" = ?
[cached since 381.9s ago] (1,)
SELECT count(*) AS count_1 
FROM (SELECT city.id AS city_id, city.name AS city_name, city.url AS city_url, city."adminId" AS "city_adminId" 
FROM city 
WHERE city.id = ?) AS anon_1
[cached since 381.9s ago] (1,)
SELECT city.id AS city_id, city.name AS city_name, city.url AS city_url, city."adminId" AS "city_adminId" 
FROM city 
WHERE city.id = ?
 LIMIT ? OFFSET ?
[cached since 381.9s ago] (1, 1, 0)
SELECT count(*) AS count_1 
FROM (SELECT city.id AS city_id, city.name AS city_name, city.url AS city_url, city."adminId" AS "city_adminId" 
FROM city 
WHERE city.name = ?) AS anon_1
[cached since 65.55s ago] ('Austin',)
SELECT city.id AS city_id, city.name AS city_name, city.url AS city_url, city."adminId" AS "city_adminId" 
FROM city 
WHERE city.name = ?
[cached since 65.55s ago] ('Austin',)
SELECT city.id AS city_id, city.name AS city_name, city.url AS city_url, city."adminId" AS "city_adminId" 
FROM city
[cached since 381.9s ago] ()
SELECT city.id AS city_id, city.name AS city_name, city.url AS city_url, city."adminId" AS "city_adminId" 
FROM city 
WHERE city.name = ?
 LIMIT ? OFFSET ?
[cached since 380.4s ago] ('Austin', 1, 0)
SELECT count(*) AS count_1 
FROM (SELECT usercity.id AS usercity_id, usercity."cityId" AS "usercity_cityId", usercity."userId" AS "usercity_userId", usercity.year AS usercity_year, usercity.month AS usercity_month, usercity.weather_params AS usercity_weather_params 
FROM usercity 
WHERE usercity."userId" = ? AND usercity."cityId" = ?) AS anon_1
[cached since 65.54s ago] (1, 1)
SELECT usercity.id AS usercity_id, usercity."cityId" AS "usercity_cityId", usercity."userId" AS "usercity_userId", usercity.year AS usercity_year, usercity.month AS usercity_month, usercity.weather_params AS usercity_weather_params 
FROM usercity 
WHERE usercity."userId" = ?
[cached since 381.9s ago] (1,)
SELECT count(*) AS count_1 
FROM (SELECT city.id AS city_id, city.name AS city_name, city.url AS city_url, city."adminId" AS "city_adminId" 
FROM city 
WHERE city.id = ?) AS anon_1
[cached since 381.9s ago] (1,)
SELECT city.id AS city_id, city.name AS city_name, city.url AS city_url, city."adminId" AS "city_adminId" 
FROM city 
WHERE city.id = ?
 LIMIT ? OFFSET ?
[cached since 381.9s ago] (1, 1, 0)
127.0.0.1 - - [07/Apr/2026 23:55:33] "GET /registercity?city_name=Austin&year=1938&month=06&max_temp=max_temp&min_temp=min_temp HTTP/1.1" 200 -
127.0.0.1 - - [07/Apr/2026 23:55:33] "GET /static/images/longhorn.png HTTP/1.1" 200 -
127.0.0.1 - - [07/Apr/2026 23:55:33] "GET /static/scripts/inputhandler.js HTTP/1.1" 200 -
127.0.0.1 - - [07/Apr/2026 23:55:33] "[33mGET /favicon.ico HTTP/1.1[0m" 404 -
127.0.0.1 - - [07/Apr/2026 23:55:40] "GET / HTTP/1.1" 200 -
127.0.0.1 - - [07/Apr/2026 23:55:40] "[36mGET /static/images/longhorn.png HTTP/1.1[0m" 304 -
127.0.0.1 - - [07/Apr/2026 23:55:46] "GET / HTTP/1.1" 200 -
127.0.0.1 - - [07/Apr/2026 23:55:46] "GET /static/images/longhorn.png HTTP/1.1" 200 -
127.0.0.1 - - [07/Apr/2026 23:55:46] "[33mGET /favicon.ico HTTP/1.1[0m" 404 -
127.0.0.1 - - [07/Apr/2026 23:55:52] "GET / HTTP/1.1" 200 -
127.0.0.1 - - [07/Apr/2026 23:55:52] "[36mGET /static/images/longhorn.png HTTP/1.1[0m" 304 -
127.0.0.1 - - [07/Apr/2026 23:55:52] "[33mGET /favicon.ico HTTP/1.1[0m" 404 -
Username:Joel
Password:mysecretpassword
BEGIN (implicit)
SELECT count(*) AS count_1 
FROM (SELECT user.id AS user_id, user.name AS user_name, user.password AS user_password 
FROM user 
WHERE user.name = ?) AS anon_1
[cached since 413s ago] ('Joel',)
SELECT count(*) AS count_1 
FROM (SELECT user.id AS user_id, user.name AS user_name, user.password AS user_password 
FROM user 
WHERE user.name = ?) AS anon_1
[cached since 413s ago] ('Joel',)
SELECT user.id AS user_id, user.name AS user_name, user.password AS user_password 
FROM user 
WHERE user.name = ?
 LIMIT ? OFFSET ?
[cached since 413s ago] ('Joel', 1, 0)
SELECT usercity.id AS usercity_id, usercity."cityId" AS "usercity_cityId", usercity."userId" AS "usercity_userId", usercity.year AS usercity_year, usercity.month AS usercity_month, usercity.weather_params AS usercity_weather_params 
FROM usercity 
WHERE usercity."userId" = ?
[cached since 413s ago] (1,)
SELECT count(*) AS count_1 
FROM (SELECT city.id AS city_id, city.name AS city_name, city.url AS city_url, city."adminId" AS "city_adminId" 
FROM city 
WHERE city.id = ?) AS anon_1
[cached since 413s ago] (1,)
SELECT city.id AS city_id, city.name AS city_name, city.url AS city_url, city."adminId" AS "city_adminId" 
FROM city 
WHERE city.id = ?
 LIMIT ? OFFSET ?
[cached since 413s ago] (1, 1, 0)
SELECT city.id AS city_id, city.name AS city_name, city.url AS city_url, city."adminId" AS "city_adminId" 
FROM city
[cached since 413s ago] ()
127.0.0.1 - - [07/Apr/2026 23:56:04] "POST /login HTTP/1.1" 200 -
127.0.0.1 - - [07/Apr/2026 23:56:04] "[36mGET /static/images/longhorn.png HTTP/1.1[0m" 304 -
127.0.0.1 - - [07/Apr/2026 23:56:04] "[36mGET /static/scripts/inputhandler.js HTTP/1.1[0m" 304 -
Inside registercity
City:Austin Year:1938 Month:06
['TMAX', 'TMIN']
BEGIN (implicit)
SELECT user.id AS user_id, user.name AS user_name, user.password AS user_password 
FROM user 
WHERE user.name = ?
 LIMIT ? OFFSET ?
[cached since 422.5s ago] ('Joel', 1, 0)
SELECT usercity.id AS usercity_id, usercity."cityId" AS "usercity_cityId", usercity."userId" AS "usercity_userId", usercity.year AS usercity_year, usercity.month AS usercity_month, usercity.weather_params AS usercity_weather_params 
FROM usercity 
WHERE usercity."userId" = ?
[cached since 422.5s ago] (1,)
SELECT count(*) AS count_1 
FROM (SELECT city.id AS city_id, city.name AS city_name, city.url AS city_url, city."adminId" AS "city_adminId" 
FROM city 
WHERE city.id = ?) AS anon_1
[cached since 422.5s ago] (1,)
SELECT city.id AS city_id, city.name AS city_name, city.url AS city_url, city."adminId" AS "city_adminId" 
FROM city 
WHERE city.id = ?
 LIMIT ? OFFSET ?
[cached since 422.5s ago] (1, 1, 0)
SELECT count(*) AS count_1 
FROM (SELECT city.id AS city_id, city.name AS city_name, city.url AS city_url, city."adminId" AS "city_adminId" 
FROM city 
WHERE city.name = ?) AS anon_1
[cached since 106.1s ago] ('Austin',)
SELECT city.id AS city_id, city.name AS city_name, city.url AS city_url, city."adminId" AS "city_adminId" 
FROM city 
WHERE city.name = ?
[cached since 106.1s ago] ('Austin',)
SELECT city.id AS city_id, city.name AS city_name, city.url AS city_url, city."adminId" AS "city_adminId" 
FROM city
[cached since 422.5s ago] ()
SELECT city.id AS city_id, city.name AS city_name, city.url AS city_url, city."adminId" AS "city_adminId" 
FROM city 
WHERE city.name = ?
 LIMIT ? OFFSET ?
[cached since 421s ago] ('Austin', 1, 0)
SELECT count(*) AS count_1 
FROM (SELECT usercity.id AS usercity_id, usercity."cityId" AS "usercity_cityId", usercity."userId" AS "usercity_userId", usercity.year AS usercity_year, usercity.month AS usercity_month, usercity.weather_params AS usercity_weather_params 
FROM usercity 
WHERE usercity."userId" = ? AND usercity."cityId" = ?) AS anon_1
[cached since 106.1s ago] (1, 1)
SELECT usercity.id AS usercity_id, usercity."cityId" AS "usercity_cityId", usercity."userId" AS "usercity_userId", usercity.year AS usercity_year, usercity.month AS usercity_month, usercity.weather_params AS usercity_weather_params 
FROM usercity 
WHERE usercity."userId" = ?
[cached since 422.5s ago] (1,)
SELECT count(*) AS count_1 
FROM (SELECT city.id AS city_id, city.name AS city_name, city.url AS city_url, city."adminId" AS "city_adminId" 
FROM city 
WHERE city.id = ?) AS anon_1
[cached since 422.5s ago] (1,)
SELECT city.id AS city_id, city.name AS city_name, city.url AS city_url, city."adminId" AS "city_adminId" 
FROM city 
WHERE city.id = ?
 LIMIT ? OFFSET ?
[cached since 422.5s ago] (1, 1, 0)
127.0.0.1 - - [07/Apr/2026 23:56:13] "GET /registercity?city_name=Austin&year=1938&month=06&max_temp=max_temp&min_temp=min_temp HTTP/1.1" 200 -
127.0.0.1 - - [07/Apr/2026 23:56:13] "[36mGET /static/images/longhorn.png HTTP/1.1[0m" 304 -
127.0.0.1 - - [07/Apr/2026 23:56:13] "[36mGET /static/scripts/inputhandler.js HTTP/1.1[0m" 304 -
Inside get_cities
BEGIN (implicit)
SELECT admin.id AS admin_id, admin.name AS admin_name, admin.password AS admin_password 
FROM admin 
WHERE admin.id = ?
 LIMIT ? OFFSET ?
[generated in 0.00012s] ('1', 1, 0)
SELECT city.id AS city_id, city.name AS city_name, city.url AS city_url, city."adminId" AS "city_adminId" 
FROM city 
WHERE city."adminId" = ?
[generated in 0.00007s] (1,)
127.0.0.1 - - [07/Apr/2026 23:56:44] "GET /admin/1/cities HTTP/1.1" 200 -
Inside city_status_graph
Username:Joel City:Austin
BEGIN (implicit)
SELECT user.id AS user_id, user.name AS user_name, user.password AS user_password 
FROM user 
WHERE user.name = ?
 LIMIT ? OFFSET ?
[cached since 473.2s ago] ('Joel', 1, 0)
SELECT city.id AS city_id, city.name AS city_name, city.url AS city_url, city."adminId" AS "city_adminId" 
FROM city 
WHERE city.name = ?
 LIMIT ? OFFSET ?
[cached since 471.7s ago] ('Austin', 1, 0)
SELECT usercity.id AS usercity_id, usercity."cityId" AS "usercity_cityId", usercity."userId" AS "usercity_userId", usercity.year AS usercity_year, usercity.month AS usercity_month, usercity.weather_params AS usercity_weather_params 
FROM usercity 
WHERE usercity."userId" = ? AND usercity."cityId" = ?
 LIMIT ? OFFSET ?
[cached since 471.7s ago] (1, 1, 1, 0)
SELECT weatherparameter.id AS weatherparameter_id, weatherparameter.year_month_param AS weatherparameter_year_month_param, weatherparameter."values" AS weatherparameter_values, weatherparameter."cityId" AS "weatherparameter_cityId" 
FROM weatherparameter 
WHERE weatherparameter."cityId" = ? AND weatherparameter.year_month_param = ?
 LIMIT ? OFFSET ?
[cached since 471.7s ago] (1, '2023-08-TMAX', 1, 0)
SELECT weatherparameter.id AS weatherparameter_id, weatherparameter.year_month_param AS weatherparameter_year_month_param, weatherparameter."values" AS weatherparameter_values, weatherparameter."cityId" AS "weatherparameter_cityId" 
FROM weatherparameter 
WHERE weatherparameter."cityId" = ? AND weatherparameter.year_month_param = ?
 LIMIT ? OFFSET ?
[cached since 471.7s ago] (1, '2023-08-TMIN', 1, 0)
ROLLBACK
{'2023-08-TMAX': '-9999', '2023-08-TMIN': '-9999'}
127.0.0.1 - - [07/Apr/2026 23:57:04] "GET /weather_params?city=Austin HTTP/1.1" 200 -
